{
  "events": {
    "0": "Ready",
    "17": "Hold still...",
    "27": "Temperature is 36.7Â°"
  }
}